// Jest Snapshot v1, https://goo.gl/fbAQLP

exports[`renders DisplayScreen correctly 1`] = `
<div
  className="displayscreen-cont"
>
  <span
    className="display-screen"
  />
</div>
`;
